Testing PDF read from: D:\999 OSOBN├Ź\sledovani\Receptury studen├Żch pokrm┼».pdf
File size: 3410988 bytes
Parsing...
Success!
Pages: 516
Info: {
  PDFFormatVersion: '1.5',
  IsAcroFormPresent: false,
  IsXFAPresent: false,
  Producer: 'ABBYY FineReader 11',
  CreationDate: 'D:16010101000000Z',
  ModDate: 'D:16010101000000Z'
}
Text length: 1032
--------------------------------------------------





















































































































































































































































































































































































































































































































--------------------------------------------------
